// Jest Snapshot v1, https://goo.gl/fbAQLP

exports[`ArtistQuestionScreen correctly renders 1`] = `
<section
  className="game__screen"
>
  <h2
    className="game__title"
  >
    Кто исполняет эту песню?
  </h2>
  <div
    className="game__track"
  >
    <div
      className="track"
    >
      <audio
        id={0}
        src="test/track1.mp3"
      />
    </div>
  </div>
  <ArtistAnswersList
    onArtistSelect={[Function]}
    questionAnswers={
      Array [
        Object {
          "artist": "Billie Eilish",
          "picture": "test/track2.mp3",
        },
        Object {
          "artist": "Imagine Dragons",
          "picture": "test/track1.mp3",
        },
        Object {
          "artist": "Artur Latte",
          "picture": "test/track3.mp3",
        },
      ]
    }
    screenIndex={3}
  />
</section>
`;
