// Jest Snapshot v1, https://goo.gl/fbAQLP

exports[`Victory screen renders correctly 1`] = `
<section
  className="login"
>
  <div
    className="login__logo"
  >
    <img
      alt="Угадай мелодию"
      height="83"
      src="img/melody-logo.png"
      width="186"
    />
  </div>
  <h2
    className="login__title"
  >
    Вы настоящий меломан!
  </h2>
  <p
    className="login__total"
  >
    За 
    1
     минуты и 
    15
     секунд вы набрали 
    12
     баллов (
    8
     быстрых), совершив 
    1
     ошибки
  </p>
  <Connect(PlayAgain) />
</section>
`;
