// Jest Snapshot v1, https://goo.gl/fbAQLP

exports[`LosingScreen renders correctly 1`] = `
<section
  className="result"
>
  <div
    className="result__logo"
  >
    <img
      alt="Угадай мелодию"
      height="83"
      src="img/melody-logo.png"
      width="186"
    />
  </div>
  <h2>
    My custom text
  </h2>
  <button
    className="replay"
    onClick={[MockFunction]}
    type="button"
  >
    Попробовать ещё раз
  </button>
</section>
`;
