// Jest Snapshot v1, https://goo.gl/fbAQLP

exports[`WelcomeScreenLink correctly renders 1`] = `
<Simple
  className="game__back"
  onClick={[MockFunction]}
  to="/"
>
  <span
    className="visually-hidden"
  >
    Сыграть ещё раз
  </span>
  <img
    alt="Угадай мелодию"
    className="game__logo"
    src="img/melody-logo-ginger.png"
  />
</Simple>
`;
