// Jest Snapshot v1, https://goo.gl/fbAQLP

exports[`GenreQuestionScreen correctly renders 1`] = `
<section
  className="game__screen"
>
  <h2
    className="game__title"
  >
    Выберите 
    rock
     треки
  </h2>
  <form
    className="game__tracks"
    onSubmit={[Function]}
  >
    <WithActivePlayer
      activeItems={
        Array [
          false,
          true,
          false,
          true,
        ]
      }
      onChange={[Function]}
      questionAnswers={
        Array [
          Object {
            "genre": "pop",
            "src": "test/track1.mp3",
          },
          Object {
            "genre": "jazz",
            "src": "test/track2.mp3",
          },
          Object {
            "genre": "rock",
            "src": "test/track3.mp3",
          },
          Object {
            "genre": "classic",
            "src": "test/track4.mp3",
          },
        ]
      }
      screenIndex={3}
    />
    <button
      className="game__submit button"
      type="submit"
    >
      Ответить
    </button>
  </form>
</section>
`;
