// Jest Snapshot v1, https://goo.gl/fbAQLP

exports[`Timer-block renders correctly 1`] = `
<Fragment>
  <svg
    className="timer"
    viewBox="0 0 780 780"
    xmlns="http://www.w3.org/2000/svg"
  >
    <circle
      className="timer__line"
      cx="390"
      cy="390"
      r="370"
      style={
        Object {
          "filter": "url(#blur)",
          "transform": "rotate(-90deg) scaleY(-1)",
          "transformOrigin": "center",
        }
      }
    />
  </svg>
  <Connect(TimerContainer) />
</Fragment>
`;
