// Jest Snapshot v1, https://goo.gl/fbAQLP

exports[`GenreQuestionScreenTrack correctly renders 1`] = `
<div
  className="track"
>
  Custom children. Audio Player
  <div
    className="game__answer"
  >
    <input
      checked={true}
      className="game__input visually-hidden"
      id="answer-1"
      name="answer"
      onChange={[MockFunction]}
      type="checkbox"
      value={1}
    />
    <label
      className="game__check"
      htmlFor="answer-1"
    >
      Отметить
    </label>
  </div>
</div>
`;
